// Jest Snapshot v1, https://goo.gl/fbAQLP

exports[`view | <HomeView /> should match snapshot 1`] = `
<div
  class="Layoutcomponent__Wrapper-sc-hjilh-0 kVDPjA"
>
  <a
    href="/bairros"
  >
    Bairros
  </a>
  <h1
    class="Homeview__Title-sc-1pmkhfg-0 ewFurc"
  >
    Home View
  </h1>
</div>
`;
